../Core/Src/ApplicationCode.c:24:6:ApplicationInit	8	static
../Core/Src/ApplicationCode.c:47:10:randonNum	8	static
../Core/Src/ApplicationCode.c:52:6:LCD_Visual_Demo	8	static
../Core/Src/ApplicationCode.c:57:6:Application_Execute_Game	8	static
../Core/Src/ApplicationCode.c:63:6:LCD_Touch_Polling_Demo	8	static
../Core/Src/ApplicationCode.c:80:6:LCD_Screen_Pressed	8	static
../Core/Src/ApplicationCode.c:95:6:buttonInterruptInit	8	static
../Core/Src/ApplicationCode.c:103:6:LCDTouchScreenInterruptGPIOInit	32	static
../Core/Src/ApplicationCode.c:135:6:EXTI15_10_IRQHandler	24	static
../Core/Src/ApplicationCode.c:205:6:EXTI0_IRQHandler	16	static
