../Core/Src/Game.c:14:6:gameDelay	8	static
../Core/Src/Game.c:20:6:screenOne	8	static
../Core/Src/Game.c:91:6:endGameScreen	56	dynamic
../Core/Src/Game.c:124:5:countDigit	24	static
../Core/Src/Game.c:148:6:drawWhiteSquare	24	static
../Core/Src/Game.c:168:6:drawShapeO	16	static
../Core/Src/Game.c:176:6:removeShapeO	16	static
../Core/Src/Game.c:186:6:drawShapeI	16	static
../Core/Src/Game.c:195:6:removeShapeI	16	static
../Core/Src/Game.c:202:6:drawShapeI2	16	static
../Core/Src/Game.c:211:6:removeShapeI2	16	static
../Core/Src/Game.c:219:6:drawShapeS	16	static
../Core/Src/Game.c:228:6:removeShapeS	16	static
../Core/Src/Game.c:235:6:drawShapeS2	16	static
../Core/Src/Game.c:244:6:removeShapeS2	16	static
../Core/Src/Game.c:251:6:drawShapeS3	16	static
../Core/Src/Game.c:260:6:removeShapeS3	16	static
../Core/Src/Game.c:269:6:drawShapeZ	16	static
../Core/Src/Game.c:278:6:removeShapeZ	16	static
../Core/Src/Game.c:285:6:drawShapeZ2	16	static
../Core/Src/Game.c:294:6:removeShapeZ2	16	static
../Core/Src/Game.c:301:6:drawShapeZ3	16	static
../Core/Src/Game.c:310:6:removeShapeZ3	16	static
../Core/Src/Game.c:320:6:drawShapeL	16	static
../Core/Src/Game.c:328:6:removeShapeL	16	static
../Core/Src/Game.c:335:6:drawShapeL2	16	static
../Core/Src/Game.c:343:6:removeShapeL2	16	static
../Core/Src/Game.c:350:6:drawShapeL3	16	static
../Core/Src/Game.c:358:6:removeShapeL3	16	static
../Core/Src/Game.c:365:6:drawShapeL4	16	static
../Core/Src/Game.c:373:6:removeShapeL4	16	static
../Core/Src/Game.c:383:6:drawShapeJ	16	static
../Core/Src/Game.c:391:6:removeShapeJ	16	static
../Core/Src/Game.c:398:6:drawShapeJ2	16	static
../Core/Src/Game.c:406:6:removeShapeJ2	16	static
../Core/Src/Game.c:413:6:drawShapeJ3	16	static
../Core/Src/Game.c:421:6:removeShapeJ3	16	static
../Core/Src/Game.c:428:6:drawShapeJ4	16	static
../Core/Src/Game.c:436:6:removeShapeJ4	16	static
../Core/Src/Game.c:446:6:drawShapeT	16	static
../Core/Src/Game.c:454:6:removeShapeT	16	static
../Core/Src/Game.c:461:6:drawShapeT2	16	static
../Core/Src/Game.c:469:6:removeShapeT2	16	static
../Core/Src/Game.c:476:6:drawShapeT3	16	static
../Core/Src/Game.c:484:6:removeShapeT3	16	static
../Core/Src/Game.c:491:6:drawShapeT4	16	static
../Core/Src/Game.c:499:6:removeShapeT4	16	static
../Core/Src/Game.c:511:6:drawRandomShape	16	static
../Core/Src/Game.c:552:6:rotateShape	8	static
../Core/Src/Game.c:692:6:moveDownOne	8	static
../Core/Src/Game.c:817:6:moveOneLeft	8	static
../Core/Src/Game.c:943:6:moveOneRight	8	static
../Core/Src/Game.c:1070:6:Row_Check_Delete	24	static
../Core/Src/Game.c:1154:6:White_Space_Below	16	static
../Core/Src/Game.c:1233:6:executeGame	8	static
../Core/Src/Game.c:1256:6:TIM6_DAC_IRQHandler	8	static
