../Core/Src/Game.c:13:6:gameDelay	8	static
../Core/Src/Game.c:19:6:screenOne	8	static
../Core/Src/Game.c:89:6:endGameScreen	8	static
../Core/Src/Game.c:116:6:drawWhiteSquare	24	static
../Core/Src/Game.c:138:6:drawShapeO	16	static
../Core/Src/Game.c:146:6:removeShapeO	16	static
../Core/Src/Game.c:156:6:drawShapeI	16	static
../Core/Src/Game.c:165:6:removeShapeI	16	static
../Core/Src/Game.c:172:6:drawShapeI2	16	static
../Core/Src/Game.c:181:6:removeShapeI2	16	static
../Core/Src/Game.c:189:6:drawShapeS	16	static
../Core/Src/Game.c:198:6:removeShapeS	16	static
../Core/Src/Game.c:205:6:drawShapeS2	16	static
../Core/Src/Game.c:214:6:removeShapeS2	16	static
../Core/Src/Game.c:221:6:drawShapeS3	16	static
../Core/Src/Game.c:230:6:removeShapeS3	16	static
../Core/Src/Game.c:239:6:drawShapeZ	16	static
../Core/Src/Game.c:248:6:removeShapeZ	16	static
../Core/Src/Game.c:255:6:drawShapeZ2	16	static
../Core/Src/Game.c:264:6:removeShapeZ2	16	static
../Core/Src/Game.c:271:6:drawShapeZ3	16	static
../Core/Src/Game.c:280:6:removeShapeZ3	16	static
../Core/Src/Game.c:290:6:drawShapeL	16	static
../Core/Src/Game.c:298:6:removeShapeL	16	static
../Core/Src/Game.c:305:6:drawShapeL2	16	static
../Core/Src/Game.c:313:6:removeShapeL2	16	static
../Core/Src/Game.c:320:6:drawShapeL3	16	static
../Core/Src/Game.c:328:6:removeShapeL3	16	static
../Core/Src/Game.c:335:6:drawShapeL4	16	static
../Core/Src/Game.c:343:6:removeShapeL4	16	static
../Core/Src/Game.c:353:6:drawShapeJ	16	static
../Core/Src/Game.c:361:6:removeShapeJ	16	static
../Core/Src/Game.c:368:6:drawShapeJ2	16	static
../Core/Src/Game.c:376:6:removeShapeJ2	16	static
../Core/Src/Game.c:383:6:drawShapeJ3	16	static
../Core/Src/Game.c:391:6:removeShapeJ3	16	static
../Core/Src/Game.c:398:6:drawShapeJ4	16	static
../Core/Src/Game.c:406:6:removeShapeJ4	16	static
../Core/Src/Game.c:416:6:drawShapeT	16	static
../Core/Src/Game.c:424:6:removeShapeT	16	static
../Core/Src/Game.c:431:6:drawShapeT2	16	static
../Core/Src/Game.c:439:6:removeShapeT2	16	static
../Core/Src/Game.c:446:6:drawShapeT3	16	static
../Core/Src/Game.c:454:6:removeShapeT3	16	static
../Core/Src/Game.c:461:6:drawShapeT4	16	static
../Core/Src/Game.c:469:6:removeShapeT4	16	static
../Core/Src/Game.c:481:6:drawRandomShape	16	static
../Core/Src/Game.c:522:6:rotateShape	8	static
../Core/Src/Game.c:662:6:moveDownOne	8	static
../Core/Src/Game.c:787:6:moveOneLeft	8	static
../Core/Src/Game.c:913:6:moveOneRight	8	static
../Core/Src/Game.c:1040:6:Row_Check_Delete	24	static
../Core/Src/Game.c:1124:6:White_Space_Below	16	static
../Core/Src/Game.c:1203:6:executeGame	8	static
